[stderr 1]
.[stderr 1]
.[stderr 1]
.[stderr 1]
.[stderr 1]
.[stderr 1]
.[stderr 1]
.[stderr 1]
F[stderr 1]
.[stderr 1]
.[stderr 1]
.[stderr 1]
.[stderr 1]
.[stderr 1]
.[stderr 1]
.[stderr 1]
.[stderr 1]
.[stderr 1]
.[stderr 1]
.[stderr 1]
.[stderr 1]
.[stderr 1]
.[stderr 1]
.[stderr 1]
.[stderr 1]
.[stderr 1]
.[stderr 1]
.[stderr 1]
.[stderr 1]
.[stderr 1]
.[stderr 1]
.[stderr 1]
.[stderr 1]
.[stderr 1]
.[stderr 1]
.[stderr 1]
.[stderr 1]
.[stderr 1]
.[stderr 1]
.[stderr 1]
.[stderr 1]
.[stderr 1]
.[stderr 1]
.[stderr 1]
.[stderr 1]
.[stderr 1]
.[stderr 1]
.[stderr 1]
.[stderr 1]
.[stderr 1]
.[stderr 1]
.[stderr 1]
.[stderr 1]
.[stderr 1]
.[stderr 1]
.[stderr 1]
.[stderr 1]
.[stderr 1]
.[stderr 1]
.[stderr 1]
.[stderr 1]
.[stderr 1]
.[stderr 1]
.[stderr 1]
.[stderr 1]
.[stderr 1]
.[stderr 1]
.[stderr 1]
.[stderr 1]
.[stderr 1]
.[stderr 1]
.[stderr 1]
.[stderr 1]
.[stderr 1]
.[stderr 1]
.[stderr 1]
.[stderr 1]
.[stderr 1]
.[stderr 1]
.[stderr 1]
.[stderr 1]
.[stderr 1]
.[stderr 1]
.[stderr 1]
.[stderr 1]
.[stderr 1]
.[stderr 1]
.[stderr 1]
.[stderr 1]
.[stderr 1]
.[stderr 1]
.[stderr 1]
.[stderr 1]
.[stderr 1]
.[stderr 1]
.[stderr 1]
.[stderr 1]
.[stderr 1]
.[stderr 1]
.[stderr 1]
.[stderr 1]
.[stderr 1]
.[stderr 1]
.[stdout 196]
Initialized empty Git repository in D:/Project/video2pdf/newskill-kimi/待删除/kernel-test-runs/issue43-authority/linked-worktree-regressions/8aed2165d9fd45b6ab55d946ccc1a18c/shared-clone/.git/
[stderr 43]
Preparing worktree (detached HEAD dc2a44c)
[stdout 145]
[detached HEAD 7c0467a] Advance fixture source implementation
 1 file changed, 1 insertion(+)
 create mode 100644 src/issue43_cache_freshness.py
[stderr 1]
.[stderr 1]
.[stderr 1]
.[stderr 1]
.[stderr 1]
.[stderr 1]
.[stderr 1]
.[stderr 1]
.[stderr 1]
.[stderr 1]
.[stderr 1]
.[stderr 1]
.[stderr 1]
.[stderr 1]
.[stderr 1]
.[stderr 1]
.[stderr 1]
.[stderr 1]
.[stderr 1]
.[stderr 1]
.[stderr 1]
.[stderr 1]
.[stderr 1]
.[stderr 1]
.[stderr 1]
.[stderr 1]
.[stderr 1]
.[stderr 1]
.[stderr 1]
.[stderr 1]
.[stderr 1]
.[stderr 1]
.[stderr 1]
.[stderr 1]
.[stderr 1]
.[stderr 1]
.[stderr 1]
.[stderr 1]
.[stderr 1]
.[stderr 1]
.[stderr 1]
.[stderr 1]
.[stderr 1]
.[stderr 1]
.[stderr 1]
.[stderr 1]
.[stderr 2]

[stderr 72]
======================================================================
[stderr 182]
FAIL: test_workflow_policy_check_reports_both_kernel (tests.video_workflow.test_issue14_platform_cutover.Issue14PlatformCutoverTests.test_workflow_policy_check_reports_both_kernel)
[stderr 72]
----------------------------------------------------------------------
[stderr 661]
Traceback (most recent call last):
  File "D:\Project\video2pdf\newskill-kimi\tests\video_workflow\test_issue14_platform_cutover.py", line 1104, in test_workflow_policy_check_reports_both_kernel
    self.assertEqual(
AssertionError: {'returncode': 0, 'classification': 'workflow_policy_cur[81 chars]el'}} != {'returncode': 30, 'classification': 'acceptance_v2_reje[28 chars]None}
- {'classification': 'workflow_policy_current',
-  'platform_statuses': {'bilibili': 'active_kernel', 'youtube': 'active_kernel'},
+ {'classification': 'acceptance_v2_rejected',
+  'platform_statuses': None,
-  'returncode': 0}
+  'returncode': 30}
?                +

[stderr 2]

[stderr 72]
----------------------------------------------------------------------
[stderr 28]
Ran 149 tests in 4943.345s
[stderr 2]

[stderr 21]
FAILED (failures=1)
[stdout 424]
D:\Project\video2pdf\newskill-kimi\待删除\kernel-test-runs\c-af627ade89-f5b91397\evidence\global-gate\exit-evidence-manifest.json
D:\Project\video2pdf\newskill-kimi\待删除\kernel-test-runs\c-2a7aee0a9a-caee1442\repository\evidence\global-gate\exit-evidence-manifest.json
D:\Project\video2pdf\newskill-kimi\待删除\kernel-test-runs\c-dd8a79095b-42682ee5\repository\evidence\global-gate\exit-evidence-manifest.json
