[stderr 1]
.[stderr 1]
.[stderr 1]
.[stderr 1]
.[stderr 1]
.[stderr 1]
.[stderr 1]
.[stderr 1]
.[stderr 1]
.[stderr 1]
.[stderr 1]
.[stderr 1]
.[stderr 1]
.[stderr 1]
.[stderr 1]
.[stderr 1]
.[stderr 1]
.[stderr 1]
.[stderr 1]
.[stderr 1]
.[stderr 1]
.[stderr 1]
.[stderr 1]
.[stderr 1]
.[stderr 1]
.[stderr 1]
.[stderr 1]
.[stderr 1]
.[stderr 1]
.[stderr 1]
.[stderr 1]
.[stderr 1]
.[stderr 1]
.[stderr 1]
.[stderr 1]
.[stderr 1]
.[stderr 1]
.[stderr 1]
.[stderr 1]
.[stderr 1]
.[stderr 1]
.[stderr 1]
.[stderr 1]
.[stderr 1]
.[stderr 1]
.[stderr 1]
.[stderr 1]
.[stderr 1]
.[stderr 1]
.[stderr 1]
.[stderr 1]
.[stderr 1]
.[stderr 1]
.[stderr 1]
.[stderr 1]
.[stderr 1]
.[stderr 1]
.[stderr 1]
.[stderr 1]
.[stderr 1]
.[stderr 1]
.[stderr 1]
.[stderr 1]
.[stderr 1]
.[stderr 1]
.[stderr 1]
.[stderr 1]
.[stderr 1]
.[stderr 1]
.[stderr 1]
.[stderr 1]
.[stderr 1]
.[stderr 1]
.[stderr 1]
.[stderr 1]
.[stderr 1]
.[stderr 1]
.[stderr 1]
.[stderr 1]
.[stderr 1]
.[stderr 1]
.[stderr 1]
.[stderr 1]
.[stderr 1]
.[stderr 1]
.[stderr 1]
.[stderr 1]
.[stderr 1]
.[stderr 1]
.[stderr 1]
.[stderr 1]
.[stderr 1]
.[stderr 1]
.[stderr 1]
.[stderr 1]
.[stderr 1]
.[stderr 1]
.[stderr 1]
.[stderr 1]
.[stderr 1]
.[stderr 1]
.[stderr 1]
.[stderr 1]
.[stderr 1]
.[stderr 1]
.[stderr 1]
.[stdout 196]
Initialized empty Git repository in D:/Project/video2pdf/newskill-kimi/待删除/kernel-test-runs/issue43-authority/linked-worktree-regressions/9f9878680e7046b490440f9bc65029cb/shared-clone/.git/
[stderr 43]
Preparing worktree (detached HEAD 1f3357b)
[stdout 145]
[detached HEAD 1b0c135] Advance fixture source implementation
 1 file changed, 1 insertion(+)
 create mode 100644 src/issue43_cache_freshness.py
[stderr 1]
.[stderr 1]
.[stderr 1]
.[stderr 1]
.[stderr 1]
.[stderr 1]
.[stderr 1]
.[stderr 1]
.[stderr 1]
.[stderr 1]
.[stderr 1]
.[stderr 1]
.[stderr 1]
.[stderr 1]
.[stderr 1]
.[stderr 1]
.[stderr 1]
.[stderr 1]
.[stderr 1]
.[stderr 1]
.[stderr 1]
.[stderr 1]
.[stderr 1]
.[stderr 1]
.[stderr 1]
.[stderr 1]
.[stderr 1]
.[stderr 1]
.[stderr 1]
.[stderr 1]
.[stderr 1]
.[stderr 1]
.[stderr 1]
.[stderr 1]
.[stderr 1]
.[stderr 1]
.[stderr 1]
.[stderr 1]
.[stderr 1]
.[stderr 1]
.[stderr 1]
.[stderr 1]
.[stderr 1]
.[stderr 1]
.[stderr 1]
.[stderr 1]
.[stderr 2]

[stderr 103]
----------------------------------------------------------------------
Ran 152 tests in 12385.678s

[stderr 4]
OK
[stdout 424]
D:\Project\video2pdf\newskill-kimi\待删除\kernel-test-runs\c-af627ade89-87fa66e2\evidence\global-gate\exit-evidence-manifest.json
D:\Project\video2pdf\newskill-kimi\待删除\kernel-test-runs\c-2a7aee0a9a-3fc8bab8\repository\evidence\global-gate\exit-evidence-manifest.json
D:\Project\video2pdf\newskill-kimi\待删除\kernel-test-runs\c-dd8a79095b-685c05db\repository\evidence\global-gate\exit-evidence-manifest.json
