test_active_guard_accepts_current_passing_v2_authority (tests.video_workflow.test_issue43_active_guard.Issue43ActiveGuardTests.test_active_guard_accepts_current_passing_v2_authority) ... ok
test_active_guard_accepts_run_record_free_legacy_v2_authority (tests.video_workflow.test_issue43_active_guard.Issue43ActiveGuardTests.test_active_guard_accepts_run_record_free_legacy_v2_authority) ... ok
test_active_guard_rejects_compatibility_translation (tests.video_workflow.test_issue43_active_guard.Issue43ActiveGuardTests.test_active_guard_rejects_compatibility_translation) ... ok
test_active_guard_rejects_dual_authority (tests.video_workflow.test_issue43_active_guard.Issue43ActiveGuardTests.test_active_guard_rejects_dual_authority) ... ok
test_active_guard_rejects_stale_artifact_authority (tests.video_workflow.test_issue43_active_guard.Issue43ActiveGuardTests.test_active_guard_rejects_stale_artifact_authority) ... ok
test_active_guard_rejects_stale_global_gate_authority (tests.video_workflow.test_issue43_active_guard.Issue43ActiveGuardTests.test_active_guard_rejects_stale_global_gate_authority) ... ok
test_active_guard_rejects_stale_report_publication_authority (tests.video_workflow.test_issue43_active_guard.Issue43ActiveGuardTests.test_active_guard_rejects_stale_report_publication_authority) ... ok
test_active_guard_rejects_v1_fallback (tests.video_workflow.test_issue43_active_guard.Issue43ActiveGuardTests.test_active_guard_rejects_v1_fallback) ... ok
test_cached_hook_rejects_corrupt_acceptance_control_store (tests.video_workflow.test_issue43_active_guard.Issue43ActiveGuardTests.test_cached_hook_rejects_corrupt_acceptance_control_store) ... ok
test_cached_hook_rejects_corrupt_global_gate_control_store (tests.video_workflow.test_issue43_active_guard.Issue43ActiveGuardTests.test_cached_hook_rejects_corrupt_global_gate_control_store) ... ok
test_cached_hook_rejects_missing_acceptance_control_store (tests.video_workflow.test_issue43_active_guard.Issue43ActiveGuardTests.test_cached_hook_rejects_missing_acceptance_control_store) ... ok
test_cached_hook_rejects_missing_global_gate_control_store (tests.video_workflow.test_issue43_active_guard.Issue43ActiveGuardTests.test_cached_hook_rejects_missing_global_gate_control_store) ... ok
test_acceptance_prepare_uses_the_same_provider_for_legacy_binding (tests.video_workflow.test_issue43_global_gate.Issue43GlobalGateTests.test_acceptance_prepare_uses_the_same_provider_for_legacy_binding) ... ok
test_global_gate_activation_is_cas_idempotent_and_preserves_kernel_authority (tests.video_workflow.test_issue43_global_gate.Issue43GlobalGateTests.test_global_gate_activation_is_cas_idempotent_and_preserves_kernel_authority) ... ok
test_legacy_adoption_materializes_a_fresh_run_record_free_input_set (tests.video_workflow.test_issue43_global_gate.Issue43GlobalGateTests.test_legacy_adoption_materializes_a_fresh_run_record_free_input_set) ... ok
test_legacy_adoption_rejects_stale_page_fingerprint_at_the_freshness_gate (tests.video_workflow.test_issue43_global_gate.Issue43GlobalGateTests.test_legacy_adoption_rejects_stale_page_fingerprint_at_the_freshness_gate) ... ok
test_legacy_adoption_rejects_stale_precompile_owner_report_at_freshness_gate (tests.video_workflow.test_issue43_global_gate.Issue43GlobalGateTests.test_legacy_adoption_rejects_stale_precompile_owner_report_at_freshness_gate) ... ok
test_legacy_adoption_rejects_unsupported_precompile_report_identity_at_contract_gate (tests.video_workflow.test_issue43_global_gate.Issue43GlobalGateTests.test_legacy_adoption_rejects_unsupported_precompile_report_identity_at_contract_gate) ... ok
test_legacy_adoption_rejects_unsupported_quality_input_set_at_membership_gate (tests.video_workflow.test_issue43_global_gate.Issue43GlobalGateTests.test_legacy_adoption_rejects_unsupported_quality_input_set_at_membership_gate) ... ok
test_legacy_guard_eligibility_rejects_stale_adopted_artifact_without_key_error (tests.video_workflow.test_issue43_global_gate.Issue43GlobalGateTests.test_legacy_guard_eligibility_rejects_stale_adopted_artifact_without_key_error) ... ok
test_run_record_free_legacy_completes_provider_chain_and_guard_eligibility (tests.video_workflow.test_issue43_global_gate.Issue43GlobalGateTests.test_run_record_free_legacy_completes_provider_chain_and_guard_eligibility) ... ok

----------------------------------------------------------------------
Ran 21 tests in 1117.381s

OK

EVIDENCE_IMPLEMENTATION_COMMIT: b1e926e6d829a3adcd9da38e408461b199d72af7
