test_authorized_root_escape_fails_before_input_io (tests.video_workflow.test_acceptance_v2.AcceptanceV2CliTests.test_authorized_root_escape_fails_before_input_io) ... ok
test_complete_current_evidence_materializes_all_catalog_rules_and_guard_eligibility (tests.video_workflow.test_acceptance_v2.AcceptanceV2CliTests.test_complete_current_evidence_materializes_all_catalog_rules_and_guard_eligibility) ... ok
test_contract_gap_does_not_consume_semantic_attempt (tests.video_workflow.test_acceptance_v2.AcceptanceV2CliTests.test_contract_gap_does_not_consume_semantic_attempt) ... ok
test_cross_phase_finding_can_only_add_precompile_failure (tests.video_workflow.test_acceptance_v2.AcceptanceV2CliTests.test_cross_phase_finding_can_only_add_precompile_failure) ... ok
test_distinct_report_writer_is_fenced_while_exact_interrupted_publication_requires_recovery (tests.video_workflow.test_acceptance_v2.AcceptanceV2CliTests.test_distinct_report_writer_is_fenced_while_exact_interrupted_publication_requires_recovery) ... ok
test_final_quality_authority_rejects_coherent_stale_evidence_mix (tests.video_workflow.test_acceptance_v2.AcceptanceV2CliTests.test_final_quality_authority_rejects_coherent_stale_evidence_mix) ... ok
test_final_quality_authority_requires_control_store_cas_publication (tests.video_workflow.test_acceptance_v2.AcceptanceV2CliTests.test_final_quality_authority_requires_control_store_cas_publication) ... ok
test_guard_binds_immutable_attempt_and_ledger_history (tests.video_workflow.test_acceptance_v2.AcceptanceV2CliTests.test_guard_binds_immutable_attempt_and_ledger_history) ... ok
test_guard_rejects_stale_report_bytes (tests.video_workflow.test_acceptance_v2.AcceptanceV2CliTests.test_guard_rejects_stale_report_bytes) ... ok
test_guard_rejects_tampered_prior_semantic_attempt_history (tests.video_workflow.test_acceptance_v2.AcceptanceV2CliTests.test_guard_rejects_tampered_prior_semantic_attempt_history) ... ok
test_idempotent_retries_reject_drifted_committed_bytes (tests.video_workflow.test_acceptance_v2.AcceptanceV2CliTests.test_idempotent_retries_reject_drifted_committed_bytes) ... ok
test_incomplete_read_set_and_stale_fencing_token_fail_closed (tests.video_workflow.test_acceptance_v2.AcceptanceV2CliTests.test_incomplete_read_set_and_stale_fencing_token_fail_closed) ... ok
test_materialization_rejects_post_commit_patch_authority_substitution (tests.video_workflow.test_acceptance_v2.AcceptanceV2CliTests.test_materialization_rejects_post_commit_patch_authority_substitution) ... ok
test_page_fingerprint_and_reviewer_identity_are_authority_bound (tests.video_workflow.test_acceptance_v2.AcceptanceV2CliTests.test_page_fingerprint_and_reviewer_identity_are_authority_bound) ... ok
test_patch_after_control_commit_recovers_intact_and_exact_retry_is_idempotent (tests.video_workflow.test_acceptance_v2.AcceptanceV2CliTests.test_patch_after_control_commit_recovers_intact_and_exact_retry_is_idempotent) ... ok
test_patch_exact_retry_rejects_tampered_committed_intent_authority (tests.video_workflow.test_acceptance_v2.AcceptanceV2CliTests.test_patch_exact_retry_rejects_tampered_committed_intent_authority) ... ok
test_prepare_retry_recovers_after_control_commit (tests.video_workflow.test_acceptance_v2.AcceptanceV2CliTests.test_prepare_retry_recovers_after_control_commit) ... ok
test_reconcile_finishes_an_intact_interrupted_report_publication (tests.video_workflow.test_acceptance_v2.AcceptanceV2CliTests.test_reconcile_finishes_an_intact_interrupted_report_publication) ... ok
test_reconcile_rejects_changed_published_bytes_and_finishes_intact_publication (tests.video_workflow.test_acceptance_v2.AcceptanceV2CliTests.test_reconcile_rejects_changed_published_bytes_and_finishes_intact_publication) ... ok
test_reconcile_rejects_mutable_intent_authority_and_path_substitution (tests.video_workflow.test_acceptance_v2.AcceptanceV2CliTests.test_reconcile_rejects_mutable_intent_authority_and_path_substitution) ... ok
test_render_manifest_page_set_must_equal_visual_binding (tests.video_workflow.test_acceptance_v2.AcceptanceV2CliTests.test_render_manifest_page_set_must_equal_visual_binding) ... ok
test_repair_rejects_underdeclared_changed_generation_set (tests.video_workflow.test_acceptance_v2.AcceptanceV2CliTests.test_repair_rejects_underdeclared_changed_generation_set) ... ok
test_repair_requires_fresh_artifact_generation_and_bounds_three_failures (tests.video_workflow.test_acceptance_v2.AcceptanceV2CliTests.test_repair_requires_fresh_artifact_generation_and_bounds_three_failures) ... ok
test_report_bundle_recovery_and_terminal_retry_reject_companion_drift (tests.video_workflow.test_acceptance_v2.AcceptanceV2CliTests.test_report_bundle_recovery_and_terminal_retry_reject_companion_drift) ... ok
test_run_record_control_authority_and_skeleton_drift_fail_closed (tests.video_workflow.test_acceptance_v2.AcceptanceV2CliTests.test_run_record_control_authority_and_skeleton_drift_fail_closed) ... ok
test_stale_artifact_rejects_materialization_at_input_freshness_gate (tests.video_workflow.test_acceptance_v2.AcceptanceV2CliTests.test_stale_artifact_rejects_materialization_at_input_freshness_gate) ... ok
test_successful_patch_and_terminal_materialization_retries_are_idempotent (tests.video_workflow.test_acceptance_v2.AcceptanceV2CliTests.test_successful_patch_and_terminal_materialization_retries_are_idempotent) ... ok
test_text_equivalence_successor_retains_precompile_judgments (tests.video_workflow.test_acceptance_v2.AcceptanceV2CliTests.test_text_equivalence_successor_retains_precompile_judgments) ... ok
test_two_writers_are_fenced_at_patch_and_report_publication (tests.video_workflow.test_acceptance_v2.AcceptanceV2CliTests.test_two_writers_are_fenced_at_patch_and_report_publication) ... ok
test_unknown_violation_routes_to_contract_gap_without_attempt (tests.video_workflow.test_acceptance_v2.AcceptanceV2CliTests.test_unknown_violation_routes_to_contract_gap_without_attempt) ... ok
test_visual_patch_missing_page_fails_at_visual_page_coverage_gate (tests.video_workflow.test_acceptance_v2.AcceptanceV2CliTests.test_visual_patch_missing_page_fails_at_visual_page_coverage_gate) ... ok
test_workspace_rejects_a_second_nonterminal_execution (tests.video_workflow.test_acceptance_v2.AcceptanceV2CliTests.test_workspace_rejects_a_second_nonterminal_execution) ... ok

----------------------------------------------------------------------
Ran 32 tests in 1032.236s

OK

EVIDENCE_IMPLEMENTATION_COMMIT: 666d0942f4c71cc3854fdc4ca58df006af17f761
