[stderr 1]
.[stderr 1]
.[stderr 1]
.[stderr 1]
.[stderr 1]
.[stderr 1]
.[stderr 1]
.[stderr 1]
.[stderr 1]
.[stderr 1]
.[stderr 1]
.[stderr 1]
.[stderr 1]
.[stderr 1]
.[stderr 1]
.[stderr 1]
.[stderr 1]
.[stderr 1]
.[stderr 1]
.[stderr 1]
.[stderr 1]
.[stderr 1]
.[stderr 1]
.[stderr 1]
.[stderr 1]
.[stderr 1]
.[stderr 1]
.[stderr 1]
.[stderr 1]
.[stderr 1]
.[stderr 1]
.[stderr 1]
.[stderr 1]
.[stderr 1]
.[stderr 1]
.[stderr 1]
.[stderr 1]
.[stderr 1]
.[stderr 1]
.[stderr 1]
.[stderr 1]
.[stderr 1]
.[stderr 1]
.[stderr 1]
.[stderr 1]
.[stderr 1]
.[stderr 1]
.[stderr 1]
.[stderr 1]
.[stderr 1]
.[stderr 1]
.[stderr 1]
.[stderr 1]
.[stderr 1]
.[stderr 1]
.[stderr 1]
.[stderr 1]
.[stderr 1]
.[stderr 1]
.[stderr 1]
.[stderr 1]
.[stderr 1]
.[stderr 1]
.[stderr 1]
.[stderr 1]
.[stderr 1]
.[stderr 1]
.[stderr 1]
.[stderr 1]
.[stderr 1]
.[stderr 1]
.[stderr 1]
.[stderr 1]
.[stderr 1]
.[stderr 1]
.[stderr 1]
.[stderr 1]
.[stderr 1]
.[stderr 1]
.[stderr 1]
.[stderr 1]
.[stderr 1]
.[stderr 1]
.[stderr 1]
.[stderr 1]
.[stderr 1]
.[stderr 1]
.[stderr 1]
.[stderr 1]
.[stderr 1]
.[stderr 1]
.[stderr 1]
.[stderr 1]
.[stderr 1]
.[stderr 1]
.[stderr 1]
.[stderr 1]
.[stderr 1]
.[stderr 1]
.[stderr 1]
.[stderr 1]
.[stderr 1]
.[stderr 1]
.[stderr 1]
.[stderr 1]
.[stderr 1]
.[stderr 1]
.[stderr 1]
.[stderr 1]
.[stderr 1]
.[stdout 196]
Initialized empty Git repository in D:/Project/video2pdf/newskill-kimi/待删除/kernel-test-runs/issue43-authority/linked-worktree-regressions/544a544ce68d47329f38c9dd52ea4795/shared-clone/.git/
[stderr 43]
Preparing worktree (detached HEAD b2b089c)
[stdout 145]
[detached HEAD d88107f] Advance fixture source implementation
 1 file changed, 1 insertion(+)
 create mode 100644 src/issue43_cache_freshness.py
[stderr 1]
.[stderr 1]
.[stderr 1]
.[stderr 1]
.[stderr 1]
.[stderr 1]
.[stderr 1]
.[stderr 1]
.[stderr 1]
.[stderr 1]
.[stderr 1]
.[stderr 1]
.[stderr 1]
.[stderr 1]
.[stderr 1]
.[stderr 1]
.[stderr 1]
.[stderr 1]
.[stderr 1]
.[stderr 1]
.[stderr 1]
.[stderr 1]
.[stderr 1]
.[stderr 1]
.[stderr 1]
.[stderr 1]
.[stderr 1]
.[stderr 1]
.[stderr 1]
.[stderr 1]
.[stderr 1]
.[stderr 1]
.[stderr 1]
.[stderr 1]
.[stderr 1]
.[stderr 1]
.[stderr 1]
.[stderr 1]
.[stderr 1]
.[stderr 1]
.[stderr 1]
.[stderr 1]
.[stderr 1]
.[stderr 1]
.[stderr 1]
.[stderr 1]
.[stderr 2]

[stderr 107]
----------------------------------------------------------------------
Ran 156 tests in 22020.773s

OK
[stdout 424]
D:\Project\video2pdf\newskill-kimi\待删除\kernel-test-runs\c-af627ade89-2188adbc\evidence\global-gate\exit-evidence-manifest.json
D:\Project\video2pdf\newskill-kimi\待删除\kernel-test-runs\c-2a7aee0a9a-889086b2\repository\evidence\global-gate\exit-evidence-manifest.json
D:\Project\video2pdf\newskill-kimi\待删除\kernel-test-runs\c-dd8a79095b-1d655645\repository\evidence\global-gate\exit-evidence-manifest.json
